Date,Cash Buyer,Cash Seller & Settlement,3-months Buyer,3-months Seller,15-months Buyer,15-months Seller,CashBuyerDemean,CashBuyerLogReturn
2012-01-03,29750.0,30350.0,29500.0,30100.0,28375.0,29375.0,-1450.0,0.0
2012-01-04,31500.0,32000.0,31250.0,31750.0,30075.0,31075.0,300.0,0.05715841383994835
2012-01-05,32350.0,32500.0,31500.0,32000.0,30330.0,31330.0,1150.0,0.02662647511532157
